FM_TEST_BEGIN 2026-09-23T17:56:43Z tests/fm-bearings-snapshot.test.sh family=snapshot-bearings expected_gate_skip=optional-binary
ok - task teardown during metadata capture is omitted without aborting the snapshot
ok - current state and decision hints share one captured status observation
ok - reused live state is discarded when task generation changes
ok - large local snapshot overlaps local reads with byte-identical serial and concurrent projections
ok - remote ledgers collect concurrently under one budget, reuse aged cache, and cancel wedged collectors
ok - a missing remote ledger stays explicitly unreadable without remote summary computation
ok - Domain Alpha structured state overrides a stale parent Phase 7 event
ok - GNU stat file reads select -c without BSD filesystem-report pollution
ok - parent activity evidence is bounded and disclosed
ok - Bearings excludes a status-only child decision
ok - a structured child captain hold reaches Captain's Call
ok - missing, invalid, unreadable, malformed, and unavailable-child homes stay explicit unknowns
ok - oversized ledgers stay strict unknown
ok - secondmate and per-home child counts are bounded, disclosed, and explicitly expandable
ok - parent decisions remain untrusted contradiction evidence
ok - parent evidence reconciliation distinguishes matching holds, blocks, and decisions
ok - nonprogressing child states are explicit and inconsistent terminal rows invalidate
ok - registry unavailability and bounded truncation remain explicit
ok - repeated snapshots keep the same current landed baseline and ignore prior reports
ok - default output is bounded, local-only, and marks omitted surfaces
ok - TOON and JSON are parity representations of the same model
ok - landed includes secondmate-managed merges alongside main-home merges
ok - landed accepts only kind-owned delivery artifacts while answered questions stay out
ok - kind fallback matches tasks-axi word boundaries and preserves scout deliveries
ok - kindless v1 summaries retain report artifacts from fresh and cached ledgers
ok - default landed selection balances one dominant home with sparse homes
ok - landed selection refills capacity after sparse homes exhaust
ok - landed selection uses deterministic home order when homes exceed the cap
ok - landed selection preserves deterministic home and internal tie ordering
ok - landed selection handles no landed items
ok - --all-landed keeps the complete global landed output
ok - landed stays bounded with per-home + overall caps and omitted[] disclosure
ok - Bearings keeps a live blocker in structured live state and never converts it to Charted Next queue work
ok - action-free items (working/done/queued/landed) do not leak into Captain's Call
ok - main orphan in-flight stays out of Underway and is disclosed in omitted/gates
ok - main unstructured current is disclosed while structured siblings still project
ok - counterfactual meta clears main inventory warning and projects the live task
ok - working captain holds retain main and secondmate bucket surfaces
ok - active children reach Underway independently of a home captain hold
ok - blank legacy summary names use their durable identifier
ok - newest filed gates are selected before snapshot bounds
ok - Underway rows carry the durable task name and gates carry their filed date
ok - mixed secondmate roles, partial state, and captain readiness project independently
ok - main and secondmate captain actionability use the same blocker readiness
ok - a completed scout with decision-like report prose is a pointer, not pending
ok - an authoritative captain hold surfaces end-to-end
ok - current report pointers surface
ok - queued body prose never hides an item from the board
ok - --include-prs is the only path that fetches, and it enriches correctly
ok - --include-prs maps a PR on the earlier fm/ worker branch back to its task
ok - --include-prs labels a feature/ head as a task PR only when a task record matches its id
ok - a partial GitHub failure degrades gracefully
ok - Perl fallback bounds stalled GitHub calls without coreutils timeout
ok - all fleet-sized sections are capped with counted opt-in expansion
ok - captain-held tasks of any kind reach Captain's Call, deferral is honored, and landed excludes answered calls
ok - structured hold buckets decide Captain's Call, Charted Next, and the reveal
ok - a blocked deferred hold stays gated when its date arrives and is revealed by --all-decisions
ok - revealed deferred holds display their deferral reason while live calls stay unannotated
ok - live PR enrichment caps repositories with counted expansion
ok - per-repository open-PR caps are disclosed with an expansion knob
ok - projection and TOON rendering failures exit nonzero with diagnostics
FM_TEST_END 2026-09-23T18:00:21Z tests/fm-bearings-snapshot.test.sh exit=0 duration_ms=218526 gate_skip=false
FM_TEST_BEGIN 2026-09-23T18:00:21Z tests/fm-captain-hold-lifecycle.test.sh family=pure-contract-unit expected_gate_skip=none
ok - report-only unresolved captain call is reproduced and completion refuses before loss
ok - both body-decoding paths work without the allow_nonref default
ok - cleanup preserves every byte of a retained body's non-ASCII characters
ok - the completion gate attests captain-held inventory and transfers open status decisions
ok - answer records the captain's words, closes idempotently, and releases routed work
ok - the completion gate accepts an answered captain call pruned into the archive
ok - the gate still refuses an archived call with no recorded answer and an unknown key
ok - the completion gate unions archived and live inventory and keeps a held call open
ok - the gate reads tasks-axi's default archive in a home that configures none
ok - the gate reads the archive the user's tasks-axi config names
ok - the gate refuses a reused key whose newest archived close recorded no answer
ok - the gate accepts a reused key whose newest archived close is answered
ok - release frees held work with the captain's words recorded and the body preserved
ok - captain holds become visible only after their hold-set timestamp is durable
ok - an interrupted answer preserves its hold age until close retry
ok - a deferred captain call leaves the live Captain's Call until its date and stays answerable
ok - an out-of-band close is recordable with the captain's word and nothing else
ok - ended visual review follows the same captain-hold completion owner
ok - resolved findings and decision-like prose do not create captain-held tasks
ok - terminal single-owner stale status decisions do not block empty inventory
ok - main-home and secondmate-home captain calls remain correctly routed
ok - a secondmate home publishes each hold occurrence and its answer on the parent channel
ok - secondmate resolutions publish before retiring durable retry triggers
ok - a bound channel's captured answers close their captain-held tasks at answer time
ok - only a bound captured source creates reconcile requests
ok - normal answers and their replays retire reconcile requests
ok - reconcile closes a moot call with evidence and keeps an active one open with a note
ok - reconcile outcomes apply durable mutations once across partial failures
ok - a channel source with no decision binding closes nothing
ok - legacy identities, metadata, bindings, and the shim keep working
ok - a board answer reaches the keyed-answer intake and wakes firstmate
ok - the chat channel feeds the same keyed-answer intake a captured review does
ok - completion and verification validate origins before constructing paths
ok - a status resolution over a still-open captain-held task is signalled, not closed
ok - a captain call with no routed work, a verified transfer, an open decision, and an answered call all stay silent
ok - cleanup leaves a captain-held work item open with its deliverable, and only an answer closes it
ok - release and scout report retention distinguish deliveries from rejected merge answers
ok - an interrupted cleanup keeps the captain call recoverable and session start retains it
ok - an answer before cleanup replay preserves the retained report
ok - an unusable pending-close record names its reason instead of a bare refusal
ok - an unsupported relocated report does not wedge the captain's answer
ok - cleanup retains captain calls in the configured backlog
ok - merge approval releases before zero-retention cleanup records completion
ok - the PR merge entrypoint refuses a captain-held task before merging
ok - the local merge entrypoint refuses a captain-held task before merging
ok - the PR merge entrypoint separates an unreadable authority record from an absent one
ok - the local merge entrypoint separates an unreadable authority record from an absent one
ok - merge entrypoints reject unsafe identities and absent state before locking
ok - merge entrypoints refuse a replacement incarnation after waiting for cleanup
ok - merge entrypoints own task state before forced cleanup can retire it
ok - a released merge passes the guarded entrypoint and remains recently landed
ok - cleanup refuses a ship row when its captain hold cannot be read
ok - skipped on markdown-only tasks-axi: verify against a beads-migrated hold
ok - skipped on markdown-only tasks-axi: verify against a prefix-migrated hold
ok - skipped on markdown-only tasks-axi: prefer a marker-noted row over a prefix namesake
ok - skipped on markdown-only tasks-axi: complete against a beads-migrated hold
ok - skipped on markdown-only tasks-axi: verify an unresolvable beads legacy id
ok - skipped on markdown-only tasks-axi: verify a derived pre-collapse key
ok - captain-hold mutations address the beads backend without a markdown override
ok - skipped on markdown-only tasks-axi: captain-hold create under due.required without types.custom
FM_TEST_END 2026-09-23T18:07:00Z tests/fm-captain-hold-lifecycle.test.sh exit=0 duration_ms=398311 gate_skip=false
FM_TEST_SUMMARY total=2 failed=0 skipped_gate=0 duration_ms=616946
FM_TEST_SUMMARY_FAMILY family=pure-contract-unit count=1 duration_ms=398311 failed=0
FM_TEST_SUMMARY_FAMILY family=snapshot-bearings count=1 duration_ms=218526 failed=0
FM_TEST_SLOWEST rank=1 script=tests/fm-captain-hold-lifecycle.test.sh duration_ms=398311
FM_TEST_SLOWEST rank=2 script=tests/fm-bearings-snapshot.test.sh duration_ms=218526
exit=0
